COL title VAL secure transaction processing in firm real-time database systems COL authors VAL binto george , jayant r. haritsa COL venue VAL sigmod conference COL year VAL 1997  	COL title VAL secure buffering in firm real-time database systems COL authors VAL binto george , jayant r. haritsa COL venue VAL the vldb journal -- international on very large data bases COL year VAL 2000  	0
COL title VAL clustering validity checking methods : part ii COL authors VAL michalis vazirgiannis , maria halkidi yannis batistakis COL venue VAL sigmod record COL year VAL 2002  	COL title VAL cluster validity methods : part i COL authors VAL maria halkidi , yannis batistakis michalis vazirgiannis COL venue VAL acm sigmod record COL year VAL 2002  	0
COL title VAL a query language and optimization techniques for unstructured data COL authors VAL gerd g. hillebrand , peter buneman susan b. davidson dan suciu COL venue VAL sigmod conference COL year VAL 1996  	COL title VAL fundamental techniques for order optimization COL authors VAL david simmen , eugene shekita timothy malkemus COL venue VAL international conference on management of data COL year VAL 1996  	0
COL title VAL structures for manipulating proposed updates in object-oriented databases COL authors VAL richard hull , mohammed rupawalla michael doherty COL venue VAL sigmod conference COL year VAL 1996  	COL title VAL observations on the odmg-93 proposal for an object-oriented database language COL authors VAL won kim COL venue VAL acm sigmod record COL year VAL 1994  	0
COL title VAL integrating a structured-text retrieval system with an object-oriented database COL authors VAL jurgen annevelink , tak w. yan COL venue VAL vldb COL year VAL 1994  	COL title VAL index nesting - an efficient approach to indexing in object-oriented databases COL authors VAL beng chin ooi , jiawei han hongjun lu kian lee tan COL venue VAL the vldb journal -- international on very large data bases COL year VAL 1996  	0
COL title VAL one-dimensional and multi-dimensional substring selectivity estimation COL authors VAL raymond t. ng , divesh srivastava h. v. jagadish olga kapitskaia COL venue VAL vldb j. COL year VAL 2000  	COL title VAL hierarchical subspace sampling : a unified framework for high dimensional data reduction , selectivity estimation and nearest neighbor search COL authors VAL charu c. aggarwal COL venue VAL international conference on management of COL year VAL 2002  	0
COL title VAL secure transaction processing in firm real-time database systems COL authors VAL binto george , jayant r. haritsa COL venue VAL sigmod conference COL year VAL 1997  	COL title VAL a database system for real-time event aggregation in telecommunication COL authors VAL jerry baulier , stephen blott henry f. korth abraham silberschatz COL venue VAL very large data bases COL year VAL 1998  	0
COL title VAL a cost model for clustered object-oriented databases COL authors VAL zhao-hui tang , jean-robert gruser georges gardarin COL venue VAL vldb COL year VAL 1995  	COL title VAL index configuration in object-oriented databases COL authors VAL elisa bertino COL venue VAL the vldb journal -- international on very large data bases COL year VAL 1994  	0
COL title VAL selectivity estimation in extensible databases - a neural network approach COL authors VAL shaoyu zhou , m. seetha lakshmi COL venue VAL vldb COL year VAL 1998  	COL title VAL semantic integration in heterogeneous databases using neural networks COL authors VAL wen-syan li , chris clifton COL venue VAL very large data bases COL year VAL 1994  	0
COL title VAL integrating triggers and declarative constraints in sql database sytems COL authors VAL roberta cochrane , hamid pirahesh nelson mendonça mattos COL venue VAL vldb COL year VAL 1996  	COL title VAL the demarcation protocol : a technique for maintaining constraints in distributed database systems COL authors VAL daniel barbar &#225; - mill , hector garcia-molina COL venue VAL vldb journal -- international on very large data bases COL year VAL 1994  	0
COL Song_Name VAL Whateva ( feat . Monty ) COL Artist_Name VAL Fetty Wap COL Album_Name VAL Deluxe COL Genre VAL Hip-Hop/Rap , Music Rap COL Price VAL Album Only COL CopyRight VAL 2015 300 Entertainment/RGF Productions COL Time VAL 5:11 COL Released VAL  	COL Song_Name VAL Whateva ( feat . Monty ) [ Explicit ] COL Artist_Name VAL Fetty Wap COL Album_Name VAL Deluxe COL Genre VAL Rap & Hip-Hop COL Price VAL $ 1.29 COL CopyRight VAL C 2000 Mute Records Ltd. , a BMG Company under exclusive license to INgrooves COL Time VAL 5:11 COL Released VAL September 25 2015  	1
COL Song_Name VAL Goodbye to You ( feat . Dot Rotten ) COL Artist_Name VAL Ed Sheeran COL Album_Name VAL 5 COL Genre VAL Pop , Music Rock Singer/Songwriter Contemporary Adult Alternative COL Price VAL $ 1.29 COL CopyRight VAL 2014 Warner UK LImited COL Time VAL 5:30 COL Released VAL 23-Jun-14  	COL Song_Name VAL You ( + Wiley ) COL Artist_Name VAL Ed Sheeran COL Album_Name VAL 5 COL Genre VAL Pop COL Price VAL $ 1.29 COL CopyRight VAL Dub Police Records COL Time VAL 3:21 COL Released VAL June 23 , 2014  	0
COL title VAL cost estimation of user-defined methods in object-relational database systems COL authors VAL kinji ono , jihad boulos COL venue VAL sigmod record COL year VAL 1999  	COL title VAL on supporting containment queries in relational database management systems COL authors VAL chun zhang , jeffrey naughton david dewitt qiong luo guy lohman COL venue VAL international conference of data COL year VAL 2001  	0
COL title VAL the piazza peer data management project COL authors VAL gerome miklau , jayant madhavan igor tatarinov zachary g. ives xin dong yana kadiyska alon y. halevy nilesh n. dalvi dan suciu peter mork COL venue VAL sigmod record COL year VAL 2003  	COL title VAL the piazza peer data management project COL authors VAL igor tatarinov , zachary ives jayant madhavan alon halevy dan suciu nilesh dalvi xin ( luna ) dong yana kadiyska gerome miklau peter mork COL venue VAL acm sigmod record COL year VAL 2003  	1
COL title VAL automated selection of materialized views and indexes in sql databases COL authors VAL surajit chaudhuri , sanjay agrawal vivek r. narasayya COL venue VAL vldb COL year VAL 2000  	COL title VAL automated selection of materialized views and indexes in sql databases COL authors VAL sanjay agrawal , surajit chaudhuri vivek r. narasayya COL venue VAL very large data bases COL year VAL 2000  	1
COL title VAL secure and portable database extensibility COL authors VAL tobias mayr , thorsten von eicken michael w. godfrey praveen seshadri COL venue VAL sigmod conference COL year VAL 1998  	COL title VAL the montage extensible datablade architecture COL authors VAL michael ubell COL venue VAL international conference on management of data COL year VAL 1994  	0
COL title VAL grid data management systems & services COL authors VAL reagan moore , arun jagatheesan paul watson norman w. paton COL venue VAL vldb COL year VAL 2003  	COL title VAL networked data management design points COL authors VAL james r. hamilton COL venue VAL very large bases COL year VAL 1999  	0
COL title VAL dynamic multi-resource load balancing in parallel database systems COL authors VAL robert marek , erhard rahm COL venue VAL vldb COL year VAL 1995  	COL title VAL dynamic load balancing for parallel association rule mining on heterogenous pc cluster systems COL authors VAL masahisa tamura , masaru kitsuregawa COL venue VAL very large data bases COL year VAL 1999  	0
COL title VAL partitioned garbage collection of large object store COL authors VAL barbara liskov , umesh maheshwari COL venue VAL sigmod conference COL year VAL 1997  	COL title VAL partition selection policies in object database garbage collection COL authors VAL jonathan e. cook , alexander l. wolf benjamin g. zorn COL venue VAL international conference on management of data COL year VAL 1994  	0
